Command line invocation:
    /Applications/Xcode_16.4.app/Contents/Developer/usr/bin/xcodebuild -project RadioSindical.xcodeproj -scheme RadioSindical -configuration Release -sdk iphoneos -destination generic/platform=iOS -derivedDataPath build CODE_SIGNING_ALLOWED=NO CODE_SIGNING_REQUIRED=NO CODE_SIGN_IDENTITY= build

Build settings from command line:
    CODE_SIGN_IDENTITY = 
    CODE_SIGNING_ALLOWED = NO
    CODE_SIGNING_REQUIRED = NO
    SDKROOT = iphoneos18.5

note: Using codesigning identity override: 
ComputePackagePrebuildTargetDependencyGraph

Prepare packages

CreateBuildRequest

SendProjectDescription

CreateBuildOperation

ComputeTargetDependencyGraph
note: Building targets in dependency order
note: Target dependency graph (1 target)
    Target 'RadioSindical' in project 'RadioSindical' (no dependencies)

GatherProvisioningInputs

CreateBuildDescription

ExecuteExternalTool /Applications/Xcode_16.4.app/Contents/Developer/usr/bin/actool --print-asset-tag-combinations --output-format xml1 /Users/runner/work/AndroidRadio/AndroidRadio/ios-app/RadioSindical/Assets.xcassets

ExecuteExternalTool /Applications/Xcode_16.4.app/Contents/Developer/Toolchains/XcodeDefault.xctoolchain/usr/bin/clang -v -E -dM -isysroot /Applications/Xcode_16.4.app/Contents/Developer/Platforms/iPhoneOS.platform/Developer/SDKs/iPhoneOS18.5.sdk -x c -c /dev/null

ExecuteExternalTool /Applications/Xcode_16.4.app/Contents/Developer/usr/bin/actool --version --output-format xml1

ExecuteExternalTool /Applications/Xcode_16.4.app/Contents/Developer/Toolchains/XcodeDefault.xctoolchain/usr/bin/swiftc --version

ExecuteExternalTool /Applications/Xcode_16.4.app/Contents/Developer/Toolchains/XcodeDefault.xctoolchain/usr/bin/ld -version_details

Build description signature: 00205f3e3ca8b48fb86abe5efb34f55c
Build description path: /Users/runner/work/AndroidRadio/AndroidRadio/ios-app/build/Build/Intermediates.noindex/XCBuildData/00205f3e3ca8b48fb86abe5efb34f55c.xcbuilddata
ClangStatCache /Applications/Xcode_16.4.app/Contents/Developer/Toolchains/XcodeDefault.xctoolchain/usr/bin/clang-stat-cache /Applications/Xcode_16.4.app/Contents/Developer/Platforms/iPhoneOS.platform/Developer/SDKs/iPhoneOS18.5.sdk /Users/runner/work/AndroidRadio/AndroidRadio/ios-app/build/SDKStatCaches.noindex/iphoneos18.5-22F76-a529daf784b3616c7c04a36aeb7f5c05.sdkstatcache
    cd /Users/runner/work/AndroidRadio/AndroidRadio/ios-app/RadioSindical.xcodeproj
    /Applications/Xcode_16.4.app/Contents/Developer/Toolchains/XcodeDefault.xctoolchain/usr/bin/clang-stat-cache /Applications/Xcode_16.4.app/Contents/Developer/Platforms/iPhoneOS.platform/Developer/SDKs/iPhoneOS18.5.sdk -o /Users/runner/work/AndroidRadio/AndroidRadio/ios-app/build/SDKStatCaches.noindex/iphoneos18.5-22F76-a529daf784b3616c7c04a36aeb7f5c05.sdkstatcache

CreateBuildDirectory /Users/runner/work/AndroidRadio/AndroidRadio/ios-app/build/Build/Products
    cd /Users/runner/work/AndroidRadio/AndroidRadio/ios-app/RadioSindical.xcodeproj
    builtin-create-build-directory /Users/runner/work/AndroidRadio/AndroidRadio/ios-app/build/Build/Products

CreateBuildDirectory /Users/runner/work/AndroidRadio/AndroidRadio/ios-app/build/Build/Intermediates.noindex
    cd /Users/runner/work/AndroidRadio/AndroidRadio/ios-app/RadioSindical.xcodeproj
    builtin-create-build-directory /Users/runner/work/AndroidRadio/AndroidRadio/ios-app/build/Build/Intermediates.noindex

WriteAuxiliaryFile /Users/runner/work/AndroidRadio/AndroidRadio/ios-app/build/Build/Intermediates.noindex/RadioSindical.build/Release-iphoneos/RadioSindical-3ef48e4fd137ef0c62e22949c6239701-VFS-iphoneos/all-product-headers.yaml
    cd /Users/runner/work/AndroidRadio/AndroidRadio/ios-app/RadioSindical.xcodeproj
    write-file /Users/runner/work/AndroidRadio/AndroidRadio/ios-app/build/Build/Intermediates.noindex/RadioSindical.build/Release-iphoneos/RadioSindical-3ef48e4fd137ef0c62e22949c6239701-VFS-iphoneos/all-product-headers.yaml

CreateBuildDirectory /Users/runner/work/AndroidRadio/AndroidRadio/ios-app/build/Build/Products/Release-iphoneos
    cd /Users/runner/work/AndroidRadio/AndroidRadio/ios-app/RadioSindical.xcodeproj
    builtin-create-build-directory /Users/runner/work/AndroidRadio/AndroidRadio/ios-app/build/Build/Products/Release-iphoneos

CreateBuildDirectory /Users/runner/work/AndroidRadio/AndroidRadio/ios-app/build/Build/Intermediates.noindex/EagerLinkingTBDs/Release-iphoneos
    cd /Users/runner/work/AndroidRadio/AndroidRadio/ios-app/RadioSindical.xcodeproj
    builtin-create-build-directory /Users/runner/work/AndroidRadio/AndroidRadio/ios-app/build/Build/Intermediates.noindex/EagerLinkingTBDs/Release-iphoneos

WriteAuxiliaryFile /Users/runner/work/AndroidRadio/AndroidRadio/ios-app/build/Build/Intermediates.noindex/RadioSindical.build/Release-iphoneos/RadioSindical.build/RadioSindical.hmap (in target 'RadioSindical' from project 'RadioSindical')
    cd /Users/runner/work/AndroidRadio/AndroidRadio/ios-app
    write-file /Users/runner/work/AndroidRadio/AndroidRadio/ios-app/build/Build/Intermediates.noindex/RadioSindical.build/Release-iphoneos/RadioSindical.build/RadioSindical.hmap

WriteAuxiliaryFile /Users/runner/work/AndroidRadio/AndroidRadio/ios-app/build/Build/Intermediates.noindex/RadioSindical.build/Release-iphoneos/RadioSindical.build/RadioSindical.DependencyStaticMetadataFileList (in target 'RadioSindical' from project 'RadioSindical')
    cd /Users/runner/work/AndroidRadio/AndroidRadio/ios-app
    write-file /Users/runner/work/AndroidRadio/AndroidRadio/ios-app/build/Build/Intermediates.noindex/RadioSindical.build/Release-iphoneos/RadioSindical.build/RadioSindical.DependencyStaticMetadataFileList

WriteAuxiliaryFile /Users/runner/work/AndroidRadio/AndroidRadio/ios-app/build/Build/Intermediates.noindex/RadioSindical.build/Release-iphoneos/RadioSindical.build/RadioSindical.DependencyMetadataFileList (in target 'RadioSindical' from project 'RadioSindical')
    cd /Users/runner/work/AndroidRadio/AndroidRadio/ios-app
    write-file /Users/runner/work/AndroidRadio/AndroidRadio/ios-app/build/Build/Intermediates.noindex/RadioSindical.build/Release-iphoneos/RadioSindical.build/RadioSindical.DependencyMetadataFileList

WriteAuxiliaryFile /Users/runner/work/AndroidRadio/AndroidRadio/ios-app/build/Build/Intermediates.noindex/RadioSindical.build/Release-iphoneos/RadioSindical.build/RadioSindical-project-headers.hmap (in target 'RadioSindical' from project 'RadioSindical')
    cd /Users/runner/work/AndroidRadio/AndroidRadio/ios-app
    write-file /Users/runner/work/AndroidRadio/AndroidRadio/ios-app/build/Build/Intermediates.noindex/RadioSindical.build/Release-iphoneos/RadioSindical.build/RadioSindical-project-headers.hmap

WriteAuxiliaryFile /Users/runner/work/AndroidRadio/AndroidRadio/ios-app/build/Build/Intermediates.noindex/RadioSindical.build/Release-iphoneos/RadioSindical.build/RadioSindical-own-target-headers.hmap (in target 'RadioSindical' from project 'RadioSindical')
    cd /Users/runner/work/AndroidRadio/AndroidRadio/ios-app
    write-file /Users/runner/work/AndroidRadio/AndroidRadio/ios-app/build/Build/Intermediates.noindex/RadioSindical.build/Release-iphoneos/RadioSindical.build/RadioSindical-own-target-headers.hmap

WriteAuxiliaryFile /Users/runner/work/AndroidRadio/AndroidRadio/ios-app/build/Build/Intermediates.noindex/RadioSindical.build/Release-iphoneos/RadioSindical.build/RadioSindical-generated-files.hmap (in target 'RadioSindical' from project 'RadioSindical')
    cd /Users/runner/work/AndroidRadio/AndroidRadio/ios-app
    write-file /Users/runner/work/AndroidRadio/AndroidRadio/ios-app/build/Build/Intermediates.noindex/RadioSindical.build/Release-iphoneos/RadioSindical.build/RadioSindical-generated-files.hmap

WriteAuxiliaryFile /Users/runner/work/AndroidRadio/AndroidRadio/ios-app/build/Build/Intermediates.noindex/RadioSindical.build/Release-iphoneos/RadioSindical.build/RadioSindical-all-target-headers.hmap (in target 'RadioSindical' from project 'RadioSindical')
    cd /Users/runner/work/AndroidRadio/AndroidRadio/ios-app
    write-file /Users/runner/work/AndroidRadio/AndroidRadio/ios-app/build/Build/Intermediates.noindex/RadioSindical.build/Release-iphoneos/RadioSindical.build/RadioSindical-all-target-headers.hmap

WriteAuxiliaryFile /Users/runner/work/AndroidRadio/AndroidRadio/ios-app/build/Build/Intermediates.noindex/RadioSindical.build/Release-iphoneos/RadioSindical.build/RadioSindical-all-non-framework-target-headers.hmap (in target 'RadioSindical' from project 'RadioSindical')
    cd /Users/runner/work/AndroidRadio/AndroidRadio/ios-app
    write-file /Users/runner/work/AndroidRadio/AndroidRadio/ios-app/build/Build/Intermediates.noindex/RadioSindical.build/Release-iphoneos/RadioSindical.build/RadioSindical-all-non-framework-target-headers.hmap

WriteAuxiliaryFile /Users/runner/work/AndroidRadio/AndroidRadio/ios-app/build/Build/Intermediates.noindex/RadioSindical.build/Release-iphoneos/RadioSindical.build/Objects-normal/arm64/RadioSindical_const_extract_protocols.json (in target 'RadioSindical' from project 'RadioSindical')
    cd /Users/runner/work/AndroidRadio/AndroidRadio/ios-app
    write-file /Users/runner/work/AndroidRadio/AndroidRadio/ios-app/build/Build/Intermediates.noindex/RadioSindical.build/Release-iphoneos/RadioSindical.build/Objects-normal/arm64/RadioSindical_const_extract_protocols.json

WriteAuxiliaryFile /Users/runner/work/AndroidRadio/AndroidRadio/ios-app/build/Build/Intermediates.noindex/RadioSindical.build/Release-iphoneos/RadioSindical.build/Objects-normal/arm64/RadioSindical.SwiftFileList (in target 'RadioSindical' from project 'RadioSindical')
    cd /Users/runner/work/AndroidRadio/AndroidRadio/ios-app
    write-file /Users/runner/work/AndroidRadio/AndroidRadio/ios-app/build/Build/Intermediates.noindex/RadioSindical.build/Release-iphoneos/RadioSindical.build/Objects-normal/arm64/RadioSindical.SwiftFileList

WriteAuxiliaryFile /Users/runner/work/AndroidRadio/AndroidRadio/ios-app/build/Build/Intermediates.noindex/RadioSindical.build/Release-iphoneos/RadioSindical.build/Objects-normal/arm64/RadioSindical.SwiftConstValuesFileList (in target 'RadioSindical' from project 'RadioSindical')
    cd /Users/runner/work/AndroidRadio/AndroidRadio/ios-app
    write-file /Users/runner/work/AndroidRadio/AndroidRadio/ios-app/build/Build/Intermediates.noindex/RadioSindical.build/Release-iphoneos/RadioSindical.build/Objects-normal/arm64/RadioSindical.SwiftConstValuesFileList

WriteAuxiliaryFile /Users/runner/work/AndroidRadio/AndroidRadio/ios-app/build/Build/Intermediates.noindex/RadioSindical.build/Release-iphoneos/RadioSindical.build/Objects-normal/arm64/RadioSindical.LinkFileList (in target 'RadioSindical' from project 'RadioSindical')
    cd /Users/runner/work/AndroidRadio/AndroidRadio/ios-app
    write-file /Users/runner/work/AndroidRadio/AndroidRadio/ios-app/build/Build/Intermediates.noindex/RadioSindical.build/Release-iphoneos/RadioSindical.build/Objects-normal/arm64/RadioSindical.LinkFileList

WriteAuxiliaryFile /Users/runner/work/AndroidRadio/AndroidRadio/ios-app/build/Build/Intermediates.noindex/RadioSindical.build/Release-iphoneos/RadioSindical.build/Objects-normal/arm64/RadioSindical-OutputFileMap.json (in target 'RadioSindical' from project 'RadioSindical')
    cd /Users/runner/work/AndroidRadio/AndroidRadio/ios-app
    write-file /Users/runner/work/AndroidRadio/AndroidRadio/ios-app/build/Build/Intermediates.noindex/RadioSindical.build/Release-iphoneos/RadioSindical.build/Objects-normal/arm64/RadioSindical-OutputFileMap.json

MkDir /Users/runner/work/AndroidRadio/AndroidRadio/ios-app/build/Build/Products/Release-iphoneos/RadioSindical.app (in target 'RadioSindical' from project 'RadioSindical')
    cd /Users/runner/work/AndroidRadio/AndroidRadio/ios-app
    /bin/mkdir -p /Users/runner/work/AndroidRadio/AndroidRadio/ios-app/build/Build/Products/Release-iphoneos/RadioSindical.app

MkDir /Users/runner/work/AndroidRadio/AndroidRadio/ios-app/build/Build/Intermediates.noindex/RadioSindical.build/Release-iphoneos/RadioSindical.build/assetcatalog_output/unthinned (in target 'RadioSindical' from project 'RadioSindical')
    cd /Users/runner/work/AndroidRadio/AndroidRadio/ios-app
    /bin/mkdir -p /Users/runner/work/AndroidRadio/AndroidRadio/ios-app/build/Build/Intermediates.noindex/RadioSindical.build/Release-iphoneos/RadioSindical.build/assetcatalog_output/unthinned

MkDir /Users/runner/work/AndroidRadio/AndroidRadio/ios-app/build/Build/Intermediates.noindex/RadioSindical.build/Release-iphoneos/RadioSindical.build/assetcatalog_output/thinned (in target 'RadioSindical' from project 'RadioSindical')
    cd /Users/runner/work/AndroidRadio/AndroidRadio/ios-app
    /bin/mkdir -p /Users/runner/work/AndroidRadio/AndroidRadio/ios-app/build/Build/Intermediates.noindex/RadioSindical.build/Release-iphoneos/RadioSindical.build/assetcatalog_output/thinned

GenerateAssetSymbols /Users/runner/work/AndroidRadio/AndroidRadio/ios-app/RadioSindical/Assets.xcassets (in target 'RadioSindical' from project 'RadioSindical')
    cd /Users/runner/work/AndroidRadio/AndroidRadio/ios-app
    /Applications/Xcode_16.4.app/Contents/Developer/usr/bin/actool /Users/runner/work/AndroidRadio/AndroidRadio/ios-app/RadioSindical/Assets.xcassets --compile /Users/runner/work/AndroidRadio/AndroidRadio/ios-app/build/Build/Products/Release-iphoneos/RadioSindical.app --output-format human-readable-text --notices --warnings --export-dependency-info /Users/runner/work/AndroidRadio/AndroidRadio/ios-app/build/Build/Intermediates.noindex/RadioSindical.build/Release-iphoneos/RadioSindical.build/assetcatalog_dependencies --output-partial-info-plist /Users/runner/work/AndroidRadio/AndroidRadio/ios-app/build/Build/Intermediates.noindex/RadioSindical.build/Release-iphoneos/RadioSindical.build/assetcatalog_generated_info.plist --app-icon AppIcon --compress-pngs --enable-on-demand-resources YES --development-region es --target-device iphone --minimum-deployment-target 16.0 --platform iphoneos --bundle-identifier mx.sntss1puebla.radiosindical --generate-swift-asset-symbol-extensions NO --generate-swift-asset-symbols /Users/runner/work/AndroidRadio/AndroidRadio/ios-app/build/Build/Intermediates.noindex/RadioSindical.build/Release-iphoneos/RadioSindical.build/DerivedSources/GeneratedAssetSymbols.swift --generate-objc-asset-symbols /Users/runner/work/AndroidRadio/AndroidRadio/ios-app/build/Build/Intermediates.noindex/RadioSindical.build/Release-iphoneos/RadioSindical.build/DerivedSources/GeneratedAssetSymbols.h --generate-asset-symbol-index /Users/runner/work/AndroidRadio/AndroidRadio/ios-app/build/Build/Intermediates.noindex/RadioSindical.build/Release-iphoneos/RadioSindical.build/DerivedSources/GeneratedAssetSymbols-Index.plist
/* com.apple.actool.compilation-results */
/Users/runner/work/AndroidRadio/AndroidRadio/ios-app/build/Build/Intermediates.noindex/RadioSindical.build/Release-iphoneos/RadioSindical.build/DerivedSources/GeneratedAssetSymbols-Index.plist
/Users/runner/work/AndroidRadio/AndroidRadio/ios-app/build/Build/Intermediates.noindex/RadioSindical.build/Release-iphoneos/RadioSindical.build/DerivedSources/GeneratedAssetSymbols.h
/Users/runner/work/AndroidRadio/AndroidRadio/ios-app/build/Build/Intermediates.noindex/RadioSindical.build/Release-iphoneos/RadioSindical.build/DerivedSources/GeneratedAssetSymbols.swift


CompileAssetCatalogVariant thinned /Users/runner/work/AndroidRadio/AndroidRadio/ios-app/build/Build/Products/Release-iphoneos/RadioSindical.app /Users/runner/work/AndroidRadio/AndroidRadio/ios-app/RadioSindical/Assets.xcassets (in target 'RadioSindical' from project 'RadioSindical')
    cd /Users/runner/work/AndroidRadio/AndroidRadio/ios-app
    /Applications/Xcode_16.4.app/Contents/Developer/usr/bin/actool /Users/runner/work/AndroidRadio/AndroidRadio/ios-app/RadioSindical/Assets.xcassets --compile /Users/runner/work/AndroidRadio/AndroidRadio/ios-app/build/Build/Intermediates.noindex/RadioSindical.build/Release-iphoneos/RadioSindical.build/assetcatalog_output/thinned --output-format human-readable-text --notices --warnings --export-dependency-info /Users/runner/work/AndroidRadio/AndroidRadio/ios-app/build/Build/Intermediates.noindex/RadioSindical.build/Release-iphoneos/RadioSindical.build/assetcatalog_dependencies_thinned --output-partial-info-plist /Users/runner/work/AndroidRadio/AndroidRadio/ios-app/build/Build/Intermediates.noindex/RadioSindical.build/Release-iphoneos/RadioSindical.build/assetcatalog_generated_info.plist_thinned --app-icon AppIcon --compress-pngs --enable-on-demand-resources YES --development-region es --target-device iphone --minimum-deployment-target 16.0 --platform iphoneos
/* com.apple.actool.compilation-results */
/Users/runner/work/AndroidRadio/AndroidRadio/ios-app/build/Build/Intermediates.noindex/RadioSindical.build/Release-iphoneos/RadioSindical.build/assetcatalog_generated_info.plist_thinned
/Users/runner/work/AndroidRadio/AndroidRadio/ios-app/build/Build/Intermediates.noindex/RadioSindical.build/Release-iphoneos/RadioSindical.build/assetcatalog_output/thinned/AppIcon60x60@2x.png
/Users/runner/work/AndroidRadio/AndroidRadio/ios-app/build/Build/Intermediates.noindex/RadioSindical.build/Release-iphoneos/RadioSindical.build/assetcatalog_output/thinned/AppIcon76x76@2x~ipad.png
/Users/runner/work/AndroidRadio/AndroidRadio/ios-app/build/Build/Intermediates.noindex/RadioSindical.build/Release-iphoneos/RadioSindical.build/assetcatalog_output/thinned/Assets.car


SwiftDriver RadioSindical normal arm64 com.apple.xcode.tools.swift.compiler (in target 'RadioSindical' from project 'RadioSindical')
    cd /Users/runner/work/AndroidRadio/AndroidRadio/ios-app
    builtin-SwiftDriver -- /Applications/Xcode_16.4.app/Contents/Developer/Toolchains/XcodeDefault.xctoolchain/usr/bin/swiftc -module-name RadioSindical -O -enforce-exclusivity\=checked @/Users/runner/work/AndroidRadio/AndroidRadio/ios-app/build/Build/Intermediates.noindex/RadioSindical.build/Release-iphoneos/RadioSindical.build/Objects-normal/arm64/RadioSindical.SwiftFileList -enable-bare-slash-regex -enable-experimental-feature DebugDescriptionMacro -sdk /Applications/Xcode_16.4.app/Contents/Developer/Platforms/iPhoneOS.platform/Developer/SDKs/iPhoneOS18.5.sdk -target arm64-apple-ios16.0 -g -module-cache-path /Users/runner/work/AndroidRadio/AndroidRadio/ios-app/build/ModuleCache.noindex -Xfrontend -serialize-debugging-options -swift-version 5 -I /Users/runner/work/AndroidRadio/AndroidRadio/ios-app/build/Build/Products/Release-iphoneos -F /Users/runner/work/AndroidRadio/AndroidRadio/ios-app/build/Build/Products/Release-iphoneos -c -j3 -enable-batch-mode -incremental -Xcc -ivfsstatcache -Xcc /Users/runner/work/AndroidRadio/AndroidRadio/ios-app/build/SDKStatCaches.noindex/iphoneos18.5-22F76-a529daf784b3616c7c04a36aeb7f5c05.sdkstatcache -output-file-map /Users/runner/work/AndroidRadio/AndroidRadio/ios-app/build/Build/Intermediates.noindex/RadioSindical.build/Release-iphoneos/RadioSindical.build/Objects-normal/arm64/RadioSindical-OutputFileMap.json -use-frontend-parseable-output -save-temps -no-color-diagnostics -serialize-diagnostics -emit-dependencies -emit-module -emit-module-path /Users/runner/work/AndroidRadio/AndroidRadio/ios-app/build/Build/Intermediates.noindex/RadioSindical.build/Release-iphoneos/RadioSindical.build/Objects-normal/arm64/RadioSindical.swiftmodule -validate-clang-modules-once -clang-build-session-file /Users/runner/work/AndroidRadio/AndroidRadio/ios-app/build/ModuleCache.noindex/Session.modulevalidation -Xcc -I/Users/runner/work/AndroidRadio/AndroidRadio/ios-app/build/Build/Intermediates.noindex/RadioSindical.build/Release-iphoneos/RadioSindical.build/swift-overrides.hmap -emit-const-values -Xfrontend -const-gather-protocols-file -Xfrontend /Users/runner/work/AndroidRadio/AndroidRadio/ios-app/build/Build/Intermediates.noindex/RadioSindical.build/Release-iphoneos/RadioSindical.build/Objects-normal/arm64/RadioSindical_const_extract_protocols.json -Xcc -iquote -Xcc /Users/runner/work/AndroidRadio/AndroidRadio/ios-app/build/Build/Intermediates.noindex/RadioSindical.build/Release-iphoneos/RadioSindical.build/RadioSindical-generated-files.hmap -Xcc -I/Users/runner/work/AndroidRadio/AndroidRadio/ios-app/build/Build/Intermediates.noindex/RadioSindical.build/Release-iphoneos/RadioSindical.build/RadioSindical-own-target-headers.hmap -Xcc -I/Users/runner/work/AndroidRadio/AndroidRadio/ios-app/build/Build/Intermediates.noindex/RadioSindical.build/Release-iphoneos/RadioSindical.build/RadioSindical-all-target-headers.hmap -Xcc -iquote -Xcc /Users/runner/work/AndroidRadio/AndroidRadio/ios-app/build/Build/Intermediates.noindex/RadioSindical.build/Release-iphoneos/RadioSindical.build/RadioSindical-project-headers.hmap -Xcc -I/Users/runner/work/AndroidRadio/AndroidRadio/ios-app/build/Build/Products/Release-iphoneos/include -Xcc -I/Users/runner/work/AndroidRadio/AndroidRadio/ios-app/build/Build/Intermediates.noindex/RadioSindical.build/Release-iphoneos/RadioSindical.build/DerivedSources-normal/arm64 -Xcc -I/Users/runner/work/AndroidRadio/AndroidRadio/ios-app/build/Build/Intermediates.noindex/RadioSindical.build/Release-iphoneos/RadioSindical.build/DerivedSources/arm64 -Xcc -I/Users/runner/work/AndroidRadio/AndroidRadio/ios-app/build/Build/Intermediates.noindex/RadioSindical.build/Release-iphoneos/RadioSindical.build/DerivedSources -emit-objc-header -emit-objc-header-path /Users/runner/work/AndroidRadio/AndroidRadio/ios-app/build/Build/Intermediates.noindex/RadioSindical.build/Release-iphoneos/RadioSindical.build/Objects-normal/arm64/RadioSindical-Swift.h -working-directory /Users/runner/work/AndroidRadio/AndroidRadio/ios-app -experimental-emit-module-separately -disable-cmo

SwiftEmitModule normal arm64 Emitting\ module\ for\ RadioSindical (in target 'RadioSindical' from project 'RadioSindical')

EmitSwiftModule normal arm64 (in target 'RadioSindical' from project 'RadioSindical')
    cd /Users/runner/work/AndroidRadio/AndroidRadio/ios-app
    
/Users/runner/work/AndroidRadio/AndroidRadio/ios-app/RadioSindical/RadioCarPlaySceneDelegate.swift:10:10: warning: main actor-isolated instance method 'templateApplicationScene(_:didConnect:)' cannot be used to satisfy nonisolated requirement from protocol 'CPTemplateApplicationSceneDelegate'; this is an error in the Swift 6 language mode
    func templateApplicationScene(_ templateApplicationScene: CPTemplateApplicationScene,
         ^
/Users/runner/work/AndroidRadio/AndroidRadio/ios-app/RadioSindical/RadioCarPlaySceneDelegate.swift:10:10: note: add 'nonisolated' to 'templateApplicationScene(_:didConnect:)' to make this instance method not isolated to the actor
    func templateApplicationScene(_ templateApplicationScene: CPTemplateApplicationScene,
         ^
    nonisolated 
/Users/runner/work/AndroidRadio/AndroidRadio/ios-app/RadioSindical/RadioCarPlaySceneDelegate.swift:5:64: note: add '@preconcurrency' to the 'CPTemplateApplicationSceneDelegate' conformance to defer isolation checking to run time
@MainActor final class RadioCarPlaySceneDelegate: UIResponder, CPTemplateApplicationSceneDelegate {
                                                               ^
                                                               @preconcurrency 
/Users/runner/work/AndroidRadio/AndroidRadio/ios-app/RadioSindical/RadioCarPlaySceneDelegate.swift:24:10: warning: main actor-isolated instance method 'templateApplicationScene(_:didDisconnectInterfaceController:)' cannot be used to satisfy nonisolated requirement from protocol 'CPTemplateApplicationSceneDelegate'; this is an error in the Swift 6 language mode
    func templateApplicationScene(_ templateApplicationScene: CPTemplateApplicationScene,
         ^
/Users/runner/work/AndroidRadio/AndroidRadio/ios-app/RadioSindical/RadioCarPlaySceneDelegate.swift:24:10: note: add 'nonisolated' to 'templateApplicationScene(_:didDisconnectInterfaceController:)' to make this instance method not isolated to the actor
    func templateApplicationScene(_ templateApplicationScene: CPTemplateApplicationScene,
         ^
    nonisolated 

SwiftCompile normal arm64 Compiling\ RadioSindicalApp.swift,\ RadioModels.swift /Users/runner/work/AndroidRadio/AndroidRadio/ios-app/RadioSindical/RadioSindicalApp.swift /Users/runner/work/AndroidRadio/AndroidRadio/ios-app/RadioSindical/RadioModels.swift (in target 'RadioSindical' from project 'RadioSindical')

SwiftCompile normal arm64 /Users/runner/work/AndroidRadio/AndroidRadio/ios-app/RadioSindical/RadioSindicalApp.swift (in target 'RadioSindical' from project 'RadioSindical')
    cd /Users/runner/work/AndroidRadio/AndroidRadio/ios-app
    

SwiftCompile normal arm64 /Users/runner/work/AndroidRadio/AndroidRadio/ios-app/RadioSindical/RadioModels.swift (in target 'RadioSindical' from project 'RadioSindical')
    cd /Users/runner/work/AndroidRadio/AndroidRadio/ios-app
    

SwiftCompile normal arm64 Compiling\ RadioCarPlaySceneDelegate.swift,\ GeneratedAssetSymbols.swift /Users/runner/work/AndroidRadio/AndroidRadio/ios-app/RadioSindical/RadioCarPlaySceneDelegate.swift /Users/runner/work/AndroidRadio/AndroidRadio/ios-app/build/Build/Intermediates.noindex/RadioSindical.build/Release-iphoneos/RadioSindical.build/DerivedSources/GeneratedAssetSymbols.swift (in target 'RadioSindical' from project 'RadioSindical')

SwiftCompile normal arm64 /Users/runner/work/AndroidRadio/AndroidRadio/ios-app/RadioSindical/RadioCarPlaySceneDelegate.swift (in target 'RadioSindical' from project 'RadioSindical')
    cd /Users/runner/work/AndroidRadio/AndroidRadio/ios-app
    
/Users/runner/work/AndroidRadio/AndroidRadio/ios-app/RadioSindical/RadioCarPlaySceneDelegate.swift:10:10: warning: main actor-isolated instance method 'templateApplicationScene(_:didConnect:)' cannot be used to satisfy nonisolated requirement from protocol 'CPTemplateApplicationSceneDelegate'; this is an error in the Swift 6 language mode
    func templateApplicationScene(_ templateApplicationScene: CPTemplateApplicationScene,
         ^
/Users/runner/work/AndroidRadio/AndroidRadio/ios-app/RadioSindical/RadioCarPlaySceneDelegate.swift:10:10: note: add 'nonisolated' to 'templateApplicationScene(_:didConnect:)' to make this instance method not isolated to the actor
    func templateApplicationScene(_ templateApplicationScene: CPTemplateApplicationScene,
         ^
    nonisolated 
/Users/runner/work/AndroidRadio/AndroidRadio/ios-app/RadioSindical/RadioCarPlaySceneDelegate.swift:5:64: note: add '@preconcurrency' to the 'CPTemplateApplicationSceneDelegate' conformance to defer isolation checking to run time
@MainActor final class RadioCarPlaySceneDelegate: UIResponder, CPTemplateApplicationSceneDelegate {
                                                               ^
                                                               @preconcurrency 
/Users/runner/work/AndroidRadio/AndroidRadio/ios-app/RadioSindical/RadioCarPlaySceneDelegate.swift:24:10: warning: main actor-isolated instance method 'templateApplicationScene(_:didDisconnectInterfaceController:)' cannot be used to satisfy nonisolated requirement from protocol 'CPTemplateApplicationSceneDelegate'; this is an error in the Swift 6 language mode
    func templateApplicationScene(_ templateApplicationScene: CPTemplateApplicationScene,
         ^
/Users/runner/work/AndroidRadio/AndroidRadio/ios-app/RadioSindical/RadioCarPlaySceneDelegate.swift:24:10: note: add 'nonisolated' to 'templateApplicationScene(_:didDisconnectInterfaceController:)' to make this instance method not isolated to the actor
    func templateApplicationScene(_ templateApplicationScene: CPTemplateApplicationScene,
         ^
    nonisolated 

SwiftCompile normal arm64 /Users/runner/work/AndroidRadio/AndroidRadio/ios-app/build/Build/Intermediates.noindex/RadioSindical.build/Release-iphoneos/RadioSindical.build/DerivedSources/GeneratedAssetSymbols.swift (in target 'RadioSindical' from project 'RadioSindical')
    cd /Users/runner/work/AndroidRadio/AndroidRadio/ios-app
    

SwiftDriverJobDiscovery normal arm64 Emitting module for RadioSindical (in target 'RadioSindical' from project 'RadioSindical')

SwiftDriver\ Compilation\ Requirements RadioSindical normal arm64 com.apple.xcode.tools.swift.compiler (in target 'RadioSindical' from project 'RadioSindical')
    cd /Users/runner/work/AndroidRadio/AndroidRadio/ios-app
    builtin-Swift-Compilation-Requirements -- /Applications/Xcode_16.4.app/Contents/Developer/Toolchains/XcodeDefault.xctoolchain/usr/bin/swiftc -module-name RadioSindical -O -enforce-exclusivity\=checked @/Users/runner/work/AndroidRadio/AndroidRadio/ios-app/build/Build/Intermediates.noindex/RadioSindical.build/Release-iphoneos/RadioSindical.build/Objects-normal/arm64/RadioSindical.SwiftFileList -enable-bare-slash-regex -enable-experimental-feature DebugDescriptionMacro -sdk /Applications/Xcode_16.4.app/Contents/Developer/Platforms/iPhoneOS.platform/Developer/SDKs/iPhoneOS18.5.sdk -target arm64-apple-ios16.0 -g -module-cache-path /Users/runner/work/AndroidRadio/AndroidRadio/ios-app/build/ModuleCache.noindex -Xfrontend -serialize-debugging-options -swift-version 5 -I /Users/runner/work/AndroidRadio/AndroidRadio/ios-app/build/Build/Products/Release-iphoneos -F /Users/runner/work/AndroidRadio/AndroidRadio/ios-app/build/Build/Products/Release-iphoneos -c -j3 -enable-batch-mode -incremental -Xcc -ivfsstatcache -Xcc /Users/runner/work/AndroidRadio/AndroidRadio/ios-app/build/SDKStatCaches.noindex/iphoneos18.5-22F76-a529daf784b3616c7c04a36aeb7f5c05.sdkstatcache -output-file-map /Users/runner/work/AndroidRadio/AndroidRadio/ios-app/build/Build/Intermediates.noindex/RadioSindical.build/Release-iphoneos/RadioSindical.build/Objects-normal/arm64/RadioSindical-OutputFileMap.json -use-frontend-parseable-output -save-temps -no-color-diagnostics -serialize-diagnostics -emit-dependencies -emit-module -emit-module-path /Users/runner/work/AndroidRadio/AndroidRadio/ios-app/build/Build/Intermediates.noindex/RadioSindical.build/Release-iphoneos/RadioSindical.build/Objects-normal/arm64/RadioSindical.swiftmodule -validate-clang-modules-once -clang-build-session-file /Users/runner/work/AndroidRadio/AndroidRadio/ios-app/build/ModuleCache.noindex/Session.modulevalidation -Xcc -I/Users/runner/work/AndroidRadio/AndroidRadio/ios-app/build/Build/Intermediates.noindex/RadioSindical.build/Release-iphoneos/RadioSindical.build/swift-overrides.hmap -emit-const-values -Xfrontend -const-gather-protocols-file -Xfrontend /Users/runner/work/AndroidRadio/AndroidRadio/ios-app/build/Build/Intermediates.noindex/RadioSindical.build/Release-iphoneos/RadioSindical.build/Objects-normal/arm64/RadioSindical_const_extract_protocols.json -Xcc -iquote -Xcc /Users/runner/work/AndroidRadio/AndroidRadio/ios-app/build/Build/Intermediates.noindex/RadioSindical.build/Release-iphoneos/RadioSindical.build/RadioSindical-generated-files.hmap -Xcc -I/Users/runner/work/AndroidRadio/AndroidRadio/ios-app/build/Build/Intermediates.noindex/RadioSindical.build/Release-iphoneos/RadioSindical.build/RadioSindical-own-target-headers.hmap -Xcc -I/Users/runner/work/AndroidRadio/AndroidRadio/ios-app/build/Build/Intermediates.noindex/RadioSindical.build/Release-iphoneos/RadioSindical.build/RadioSindical-all-target-headers.hmap -Xcc -iquote -Xcc /Users/runner/work/AndroidRadio/AndroidRadio/ios-app/build/Build/Intermediates.noindex/RadioSindical.build/Release-iphoneos/RadioSindical.build/RadioSindical-project-headers.hmap -Xcc -I/Users/runner/work/AndroidRadio/AndroidRadio/ios-app/build/Build/Products/Release-iphoneos/include -Xcc -I/Users/runner/work/AndroidRadio/AndroidRadio/ios-app/build/Build/Intermediates.noindex/RadioSindical.build/Release-iphoneos/RadioSindical.build/DerivedSources-normal/arm64 -Xcc -I/Users/runner/work/AndroidRadio/AndroidRadio/ios-app/build/Build/Intermediates.noindex/RadioSindical.build/Release-iphoneos/RadioSindical.build/DerivedSources/arm64 -Xcc -I/Users/runner/work/AndroidRadio/AndroidRadio/ios-app/build/Build/Intermediates.noindex/RadioSindical.build/Release-iphoneos/RadioSindical.build/DerivedSources -emit-objc-header -emit-objc-header-path /Users/runner/work/AndroidRadio/AndroidRadio/ios-app/build/Build/Intermediates.noindex/RadioSindical.build/Release-iphoneos/RadioSindical.build/Objects-normal/arm64/RadioSindical-Swift.h -working-directory /Users/runner/work/AndroidRadio/AndroidRadio/ios-app -experimental-emit-module-separately -disable-cmo

SwiftDriverJobDiscovery normal arm64 Compiling RadioCarPlaySceneDelegate.swift, GeneratedAssetSymbols.swift (in target 'RadioSindical' from project 'RadioSindical')

SwiftCompile normal arm64 Compiling\ RadioPlayer.swift,\ RadioPlayerView.swift /Users/runner/work/AndroidRadio/AndroidRadio/ios-app/RadioSindical/RadioPlayer.swift /Users/runner/work/AndroidRadio/AndroidRadio/ios-app/RadioSindical/RadioPlayerView.swift (in target 'RadioSindical' from project 'RadioSindical')

SwiftCompile normal arm64 /Users/runner/work/AndroidRadio/AndroidRadio/ios-app/RadioSindical/RadioPlayer.swift (in target 'RadioSindical' from project 'RadioSindical')
    cd /Users/runner/work/AndroidRadio/AndroidRadio/ios-app
    

SwiftCompile normal arm64 /Users/runner/work/AndroidRadio/AndroidRadio/ios-app/RadioSindical/RadioPlayerView.swift (in target 'RadioSindical' from project 'RadioSindical')
    cd /Users/runner/work/AndroidRadio/AndroidRadio/ios-app
    

SwiftMergeGeneratedHeaders /Users/runner/work/AndroidRadio/AndroidRadio/ios-app/build/Build/Intermediates.noindex/RadioSindical.build/Release-iphoneos/RadioSindical.build/DerivedSources/RadioSindical-Swift.h /Users/runner/work/AndroidRadio/AndroidRadio/ios-app/build/Build/Intermediates.noindex/RadioSindical.build/Release-iphoneos/RadioSindical.build/Objects-normal/arm64/RadioSindical-Swift.h (in target 'RadioSindical' from project 'RadioSindical')
    cd /Users/runner/work/AndroidRadio/AndroidRadio/ios-app
    builtin-swiftHeaderTool -arch arm64 /Users/runner/work/AndroidRadio/AndroidRadio/ios-app/build/Build/Intermediates.noindex/RadioSindical.build/Release-iphoneos/RadioSindical.build/Objects-normal/arm64/RadioSindical-Swift.h -o /Users/runner/work/AndroidRadio/AndroidRadio/ios-app/build/Build/Intermediates.noindex/RadioSindical.build/Release-iphoneos/RadioSindical.build/DerivedSources/RadioSindical-Swift.h

SwiftDriverJobDiscovery normal arm64 Compiling RadioSindicalApp.swift, RadioModels.swift (in target 'RadioSindical' from project 'RadioSindical')

Copy /Users/runner/work/AndroidRadio/AndroidRadio/ios-app/build/Build/Products/Release-iphoneos/RadioSindical.swiftmodule/arm64-apple-ios.swiftmodule /Users/runner/work/AndroidRadio/AndroidRadio/ios-app/build/Build/Intermediates.noindex/RadioSindical.build/Release-iphoneos/RadioSindical.build/Objects-normal/arm64/RadioSindical.swiftmodule (in target 'RadioSindical' from project 'RadioSindical')
    cd /Users/runner/work/AndroidRadio/AndroidRadio/ios-app
    builtin-copy -exclude .DS_Store -exclude CVS -exclude .svn -exclude .git -exclude .hg -strip-unsigned-binaries -strip-deterministic -strip-tool /Applications/Xcode_16.4.app/Contents/Developer/Toolchains/XcodeDefault.xctoolchain/usr/bin/strip -resolve-src-symlinks -rename /Users/runner/work/AndroidRadio/AndroidRadio/ios-app/build/Build/Intermediates.noindex/RadioSindical.build/Release-iphoneos/RadioSindical.build/Objects-normal/arm64/RadioSindical.swiftmodule /Users/runner/work/AndroidRadio/AndroidRadio/ios-app/build/Build/Products/Release-iphoneos/RadioSindical.swiftmodule/arm64-apple-ios.swiftmodule

Copy /Users/runner/work/AndroidRadio/AndroidRadio/ios-app/build/Build/Products/Release-iphoneos/RadioSindical.swiftmodule/arm64-apple-ios.swiftdoc /Users/runner/work/AndroidRadio/AndroidRadio/ios-app/build/Build/Intermediates.noindex/RadioSindical.build/Release-iphoneos/RadioSindical.build/Objects-normal/arm64/RadioSindical.swiftdoc (in target 'RadioSindical' from project 'RadioSindical')
    cd /Users/runner/work/AndroidRadio/AndroidRadio/ios-app
    builtin-copy -exclude .DS_Store -exclude CVS -exclude .svn -exclude .git -exclude .hg -strip-unsigned-binaries -strip-deterministic -strip-tool /Applications/Xcode_16.4.app/Contents/Developer/Toolchains/XcodeDefault.xctoolchain/usr/bin/strip -resolve-src-symlinks -rename /Users/runner/work/AndroidRadio/AndroidRadio/ios-app/build/Build/Intermediates.noindex/RadioSindical.build/Release-iphoneos/RadioSindical.build/Objects-normal/arm64/RadioSindical.swiftdoc /Users/runner/work/AndroidRadio/AndroidRadio/ios-app/build/Build/Products/Release-iphoneos/RadioSindical.swiftmodule/arm64-apple-ios.swiftdoc

Copy /Users/runner/work/AndroidRadio/AndroidRadio/ios-app/build/Build/Products/Release-iphoneos/RadioSindical.swiftmodule/arm64-apple-ios.abi.json /Users/runner/work/AndroidRadio/AndroidRadio/ios-app/build/Build/Intermediates.noindex/RadioSindical.build/Release-iphoneos/RadioSindical.build/Objects-normal/arm64/RadioSindical.abi.json (in target 'RadioSindical' from project 'RadioSindical')
    cd /Users/runner/work/AndroidRadio/AndroidRadio/ios-app
    builtin-copy -exclude .DS_Store -exclude CVS -exclude .svn -exclude .git -exclude .hg -strip-unsigned-binaries -strip-deterministic -strip-tool /Applications/Xcode_16.4.app/Contents/Developer/Toolchains/XcodeDefault.xctoolchain/usr/bin/strip -resolve-src-symlinks -rename /Users/runner/work/AndroidRadio/AndroidRadio/ios-app/build/Build/Intermediates.noindex/RadioSindical.build/Release-iphoneos/RadioSindical.build/Objects-normal/arm64/RadioSindical.abi.json /Users/runner/work/AndroidRadio/AndroidRadio/ios-app/build/Build/Products/Release-iphoneos/RadioSindical.swiftmodule/arm64-apple-ios.abi.json

Copy /Users/runner/work/AndroidRadio/AndroidRadio/ios-app/build/Build/Products/Release-iphoneos/RadioSindical.swiftmodule/Project/arm64-apple-ios.swiftsourceinfo /Users/runner/work/AndroidRadio/AndroidRadio/ios-app/build/Build/Intermediates.noindex/RadioSindical.build/Release-iphoneos/RadioSindical.build/Objects-normal/arm64/RadioSindical.swiftsourceinfo (in target 'RadioSindical' from project 'RadioSindical')
    cd /Users/runner/work/AndroidRadio/AndroidRadio/ios-app
    builtin-copy -exclude .DS_Store -exclude CVS -exclude .svn -exclude .git -exclude .hg -strip-unsigned-binaries -strip-deterministic -strip-tool /Applications/Xcode_16.4.app/Contents/Developer/Toolchains/XcodeDefault.xctoolchain/usr/bin/strip -resolve-src-symlinks -rename /Users/runner/work/AndroidRadio/AndroidRadio/ios-app/build/Build/Intermediates.noindex/RadioSindical.build/Release-iphoneos/RadioSindical.build/Objects-normal/arm64/RadioSindical.swiftsourceinfo /Users/runner/work/AndroidRadio/AndroidRadio/ios-app/build/Build/Products/Release-iphoneos/RadioSindical.swiftmodule/Project/arm64-apple-ios.swiftsourceinfo

SwiftDriverJobDiscovery normal arm64 Compiling RadioPlayer.swift, RadioPlayerView.swift (in target 'RadioSindical' from project 'RadioSindical')

SwiftDriver\ Compilation RadioSindical normal arm64 com.apple.xcode.tools.swift.compiler (in target 'RadioSindical' from project 'RadioSindical')
    cd /Users/runner/work/AndroidRadio/AndroidRadio/ios-app
    builtin-Swift-Compilation -- /Applications/Xcode_16.4.app/Contents/Developer/Toolchains/XcodeDefault.xctoolchain/usr/bin/swiftc -module-name RadioSindical -O -enforce-exclusivity\=checked @/Users/runner/work/AndroidRadio/AndroidRadio/ios-app/build/Build/Intermediates.noindex/RadioSindical.build/Release-iphoneos/RadioSindical.build/Objects-normal/arm64/RadioSindical.SwiftFileList -enable-bare-slash-regex -enable-experimental-feature DebugDescriptionMacro -sdk /Applications/Xcode_16.4.app/Contents/Developer/Platforms/iPhoneOS.platform/Developer/SDKs/iPhoneOS18.5.sdk -target arm64-apple-ios16.0 -g -module-cache-path /Users/runner/work/AndroidRadio/AndroidRadio/ios-app/build/ModuleCache.noindex -Xfrontend -serialize-debugging-options -swift-version 5 -I /Users/runner/work/AndroidRadio/AndroidRadio/ios-app/build/Build/Products/Release-iphoneos -F /Users/runner/work/AndroidRadio/AndroidRadio/ios-app/build/Build/Products/Release-iphoneos -c -j3 -enable-batch-mode -incremental -Xcc -ivfsstatcache -Xcc /Users/runner/work/AndroidRadio/AndroidRadio/ios-app/build/SDKStatCaches.noindex/iphoneos18.5-22F76-a529daf784b3616c7c04a36aeb7f5c05.sdkstatcache -output-file-map /Users/runner/work/AndroidRadio/AndroidRadio/ios-app/build/Build/Intermediates.noindex/RadioSindical.build/Release-iphoneos/RadioSindical.build/Objects-normal/arm64/RadioSindical-OutputFileMap.json -use-frontend-parseable-output -save-temps -no-color-diagnostics -serialize-diagnostics -emit-dependencies -emit-module -emit-module-path /Users/runner/work/AndroidRadio/AndroidRadio/ios-app/build/Build/Intermediates.noindex/RadioSindical.build/Release-iphoneos/RadioSindical.build/Objects-normal/arm64/RadioSindical.swiftmodule -validate-clang-modules-once -clang-build-session-file /Users/runner/work/AndroidRadio/AndroidRadio/ios-app/build/ModuleCache.noindex/Session.modulevalidation -Xcc -I/Users/runner/work/AndroidRadio/AndroidRadio/ios-app/build/Build/Intermediates.noindex/RadioSindical.build/Release-iphoneos/RadioSindical.build/swift-overrides.hmap -emit-const-values -Xfrontend -const-gather-protocols-file -Xfrontend /Users/runner/work/AndroidRadio/AndroidRadio/ios-app/build/Build/Intermediates.noindex/RadioSindical.build/Release-iphoneos/RadioSindical.build/Objects-normal/arm64/RadioSindical_const_extract_protocols.json -Xcc -iquote -Xcc /Users/runner/work/AndroidRadio/AndroidRadio/ios-app/build/Build/Intermediates.noindex/RadioSindical.build/Release-iphoneos/RadioSindical.build/RadioSindical-generated-files.hmap -Xcc -I/Users/runner/work/AndroidRadio/AndroidRadio/ios-app/build/Build/Intermediates.noindex/RadioSindical.build/Release-iphoneos/RadioSindical.build/RadioSindical-own-target-headers.hmap -Xcc -I/Users/runner/work/AndroidRadio/AndroidRadio/ios-app/build/Build/Intermediates.noindex/RadioSindical.build/Release-iphoneos/RadioSindical.build/RadioSindical-all-target-headers.hmap -Xcc -iquote -Xcc /Users/runner/work/AndroidRadio/AndroidRadio/ios-app/build/Build/Intermediates.noindex/RadioSindical.build/Release-iphoneos/RadioSindical.build/RadioSindical-project-headers.hmap -Xcc -I/Users/runner/work/AndroidRadio/AndroidRadio/ios-app/build/Build/Products/Release-iphoneos/include -Xcc -I/Users/runner/work/AndroidRadio/AndroidRadio/ios-app/build/Build/Intermediates.noindex/RadioSindical.build/Release-iphoneos/RadioSindical.build/DerivedSources-normal/arm64 -Xcc -I/Users/runner/work/AndroidRadio/AndroidRadio/ios-app/build/Build/Intermediates.noindex/RadioSindical.build/Release-iphoneos/RadioSindical.build/DerivedSources/arm64 -Xcc -I/Users/runner/work/AndroidRadio/AndroidRadio/ios-app/build/Build/Intermediates.noindex/RadioSindical.build/Release-iphoneos/RadioSindical.build/DerivedSources -emit-objc-header -emit-objc-header-path /Users/runner/work/AndroidRadio/AndroidRadio/ios-app/build/Build/Intermediates.noindex/RadioSindical.build/Release-iphoneos/RadioSindical.build/Objects-normal/arm64/RadioSindical-Swift.h -working-directory /Users/runner/work/AndroidRadio/AndroidRadio/ios-app -experimental-emit-module-separately -disable-cmo

Ld /Users/runner/work/AndroidRadio/AndroidRadio/ios-app/build/Build/Products/Release-iphoneos/RadioSindical.app/RadioSindical normal (in target 'RadioSindical' from project 'RadioSindical')
    cd /Users/runner/work/AndroidRadio/AndroidRadio/ios-app
    /Applications/Xcode_16.4.app/Contents/Developer/Toolchains/XcodeDefault.xctoolchain/usr/bin/clang -Xlinker -reproducible -target arm64-apple-ios16.0 -isysroot /Applications/Xcode_16.4.app/Contents/Developer/Platforms/iPhoneOS.platform/Developer/SDKs/iPhoneOS18.5.sdk -Os -L/Users/runner/work/AndroidRadio/AndroidRadio/ios-app/build/Build/Intermediates.noindex/EagerLinkingTBDs/Release-iphoneos -L/Users/runner/work/AndroidRadio/AndroidRadio/ios-app/build/Build/Products/Release-iphoneos -F/Users/runner/work/AndroidRadio/AndroidRadio/ios-app/build/Build/Intermediates.noindex/EagerLinkingTBDs/Release-iphoneos -F/Users/runner/work/AndroidRadio/AndroidRadio/ios-app/build/Build/Products/Release-iphoneos -filelist /Users/runner/work/AndroidRadio/AndroidRadio/ios-app/build/Build/Intermediates.noindex/RadioSindical.build/Release-iphoneos/RadioSindical.build/Objects-normal/arm64/RadioSindical.LinkFileList -dead_strip -Xlinker -object_path_lto -Xlinker /Users/runner/work/AndroidRadio/AndroidRadio/ios-app/build/Build/Intermediates.noindex/RadioSindical.build/Release-iphoneos/RadioSindical.build/Objects-normal/arm64/RadioSindical_lto.o -Xlinker -dependency_info -Xlinker /Users/runner/work/AndroidRadio/AndroidRadio/ios-app/build/Build/Intermediates.noindex/RadioSindical.build/Release-iphoneos/RadioSindical.build/Objects-normal/arm64/RadioSindical_dependency_info.dat -fobjc-link-runtime -L/Applications/Xcode_16.4.app/Contents/Developer/Toolchains/XcodeDefault.xctoolchain/usr/lib/swift/iphoneos -L/usr/lib/swift -Xlinker -add_ast_path -Xlinker /Users/runner/work/AndroidRadio/AndroidRadio/ios-app/build/Build/Intermediates.noindex/RadioSindical.build/Release-iphoneos/RadioSindical.build/Objects-normal/arm64/RadioSindical.swiftmodule -o /Users/runner/work/AndroidRadio/AndroidRadio/ios-app/build/Build/Products/Release-iphoneos/RadioSindical.app/RadioSindical

LinkAssetCatalog /Users/runner/work/AndroidRadio/AndroidRadio/ios-app/RadioSindical/Assets.xcassets (in target 'RadioSindical' from project 'RadioSindical')
    cd /Users/runner/work/AndroidRadio/AndroidRadio/ios-app
    builtin-linkAssetCatalog --thinned /Users/runner/work/AndroidRadio/AndroidRadio/ios-app/build/Build/Intermediates.noindex/RadioSindical.build/Release-iphoneos/RadioSindical.build/assetcatalog_output/thinned --thinned-dependencies /Users/runner/work/AndroidRadio/AndroidRadio/ios-app/build/Build/Intermediates.noindex/RadioSindical.build/Release-iphoneos/RadioSindical.build/assetcatalog_dependencies_thinned --thinned-info-plist-content /Users/runner/work/AndroidRadio/AndroidRadio/ios-app/build/Build/Intermediates.noindex/RadioSindical.build/Release-iphoneos/RadioSindical.build/assetcatalog_generated_info.plist_thinned --unthinned /Users/runner/work/AndroidRadio/AndroidRadio/ios-app/build/Build/Intermediates.noindex/RadioSindical.build/Release-iphoneos/RadioSindical.build/assetcatalog_output/unthinned --unthinned-dependencies /Users/runner/work/AndroidRadio/AndroidRadio/ios-app/build/Build/Intermediates.noindex/RadioSindical.build/Release-iphoneos/RadioSindical.build/assetcatalog_dependencies_unthinned --unthinned-info-plist-content /Users/runner/work/AndroidRadio/AndroidRadio/ios-app/build/Build/Intermediates.noindex/RadioSindical.build/Release-iphoneos/RadioSindical.build/assetcatalog_generated_info.plist_unthinned --output /Users/runner/work/AndroidRadio/AndroidRadio/ios-app/build/Build/Products/Release-iphoneos/RadioSindical.app --plist-output /Users/runner/work/AndroidRadio/AndroidRadio/ios-app/build/Build/Intermediates.noindex/RadioSindical.build/Release-iphoneos/RadioSindical.build/assetcatalog_generated_info.plist
note: Emplaced /Users/runner/work/AndroidRadio/AndroidRadio/ios-app/build/Build/Products/Release-iphoneos/RadioSindical.app/Assets.car (in target 'RadioSindical' from project 'RadioSindical')
note: Emplaced /Users/runner/work/AndroidRadio/AndroidRadio/ios-app/build/Build/Products/Release-iphoneos/RadioSindical.app/AppIcon76x76@2x~ipad.png (in target 'RadioSindical' from project 'RadioSindical')
note: Emplaced /Users/runner/work/AndroidRadio/AndroidRadio/ios-app/build/Build/Products/Release-iphoneos/RadioSindical.app/AppIcon60x60@2x.png (in target 'RadioSindical' from project 'RadioSindical')

ProcessInfoPlistFile /Users/runner/work/AndroidRadio/AndroidRadio/ios-app/build/Build/Products/Release-iphoneos/RadioSindical.app/Info.plist /Users/runner/work/AndroidRadio/AndroidRadio/ios-app/RadioSindical/Info.plist (in target 'RadioSindical' from project 'RadioSindical')
    cd /Users/runner/work/AndroidRadio/AndroidRadio/ios-app
    builtin-infoPlistUtility /Users/runner/work/AndroidRadio/AndroidRadio/ios-app/RadioSindical/Info.plist -producttype com.apple.product-type.application -genpkginfo /Users/runner/work/AndroidRadio/AndroidRadio/ios-app/build/Build/Products/Release-iphoneos/RadioSindical.app/PkgInfo -expandbuildsettings -format binary -platform iphoneos -additionalcontentfile /Users/runner/work/AndroidRadio/AndroidRadio/ios-app/build/Build/Intermediates.noindex/RadioSindical.build/Release-iphoneos/RadioSindical.build/assetcatalog_generated_info.plist -requiredArchitecture arm64 -o /Users/runner/work/AndroidRadio/AndroidRadio/ios-app/build/Build/Products/Release-iphoneos/RadioSindical.app/Info.plist

ExtractAppIntentsMetadata (in target 'RadioSindical' from project 'RadioSindical')
    cd /Users/runner/work/AndroidRadio/AndroidRadio/ios-app
    /Applications/Xcode_16.4.app/Contents/Developer/Toolchains/XcodeDefault.xctoolchain/usr/bin/appintentsmetadataprocessor --toolchain-dir /Applications/Xcode_16.4.app/Contents/Developer/Toolchains/XcodeDefault.xctoolchain --module-name RadioSindical --sdk-root /Applications/Xcode_16.4.app/Contents/Developer/Platforms/iPhoneOS.platform/Developer/SDKs/iPhoneOS18.5.sdk --xcode-version 16F6 --platform-family iOS --deployment-target 16.0 --bundle-identifier mx.sntss1puebla.radiosindical --output /Users/runner/work/AndroidRadio/AndroidRadio/ios-app/build/Build/Products/Release-iphoneos/RadioSindical.app --target-triple arm64-apple-ios16.0 --binary-file /Users/runner/work/AndroidRadio/AndroidRadio/ios-app/build/Build/Products/Release-iphoneos/RadioSindical.app/RadioSindical --dependency-file /Users/runner/work/AndroidRadio/AndroidRadio/ios-app/build/Build/Intermediates.noindex/RadioSindical.build/Release-iphoneos/RadioSindical.build/Objects-normal/arm64/RadioSindical_dependency_info.dat --stringsdata-file /Users/runner/work/AndroidRadio/AndroidRadio/ios-app/build/Build/Intermediates.noindex/RadioSindical.build/Release-iphoneos/RadioSindical.build/Objects-normal/arm64/ExtractedAppShortcutsMetadata.stringsdata --source-file-list /Users/runner/work/AndroidRadio/AndroidRadio/ios-app/build/Build/Intermediates.noindex/RadioSindical.build/Release-iphoneos/RadioSindical.build/Objects-normal/arm64/RadioSindical.SwiftFileList --metadata-file-list /Users/runner/work/AndroidRadio/AndroidRadio/ios-app/build/Build/Intermediates.noindex/RadioSindical.build/Release-iphoneos/RadioSindical.build/RadioSindical.DependencyMetadataFileList --static-metadata-file-list /Users/runner/work/AndroidRadio/AndroidRadio/ios-app/build/Build/Intermediates.noindex/RadioSindical.build/Release-iphoneos/RadioSindical.build/RadioSindical.DependencyStaticMetadataFileList --swift-const-vals-list /Users/runner/work/AndroidRadio/AndroidRadio/ios-app/build/Build/Intermediates.noindex/RadioSindical.build/Release-iphoneos/RadioSindical.build/Objects-normal/arm64/RadioSindical.SwiftConstValuesFileList --compile-time-extraction --deployment-aware-processing --validate-assistant-intents --no-app-shortcuts-localization
2026-09-25 04:05:36.233 appintentsmetadataprocessor[2929:12415] Starting appintentsmetadataprocessor export
2026-09-25 04:05:36.241 appintentsmetadataprocessor[2929:12415] warning: Metadata extraction skipped. No AppIntents.framework dependency found.

CopySwiftLibs /Users/runner/work/AndroidRadio/AndroidRadio/ios-app/build/Build/Products/Release-iphoneos/RadioSindical.app (in target 'RadioSindical' from project 'RadioSindical')
    cd /Users/runner/work/AndroidRadio/AndroidRadio/ios-app
    builtin-swiftStdLibTool --copy --verbose --scan-executable /Users/runner/work/AndroidRadio/AndroidRadio/ios-app/build/Build/Products/Release-iphoneos/RadioSindical.app/RadioSindical --scan-folder /Users/runner/work/AndroidRadio/AndroidRadio/ios-app/build/Build/Products/Release-iphoneos/RadioSindical.app/Frameworks --scan-folder /Users/runner/work/AndroidRadio/AndroidRadio/ios-app/build/Build/Products/Release-iphoneos/RadioSindical.app/PlugIns --scan-folder /Users/runner/work/AndroidRadio/AndroidRadio/ios-app/build/Build/Products/Release-iphoneos/RadioSindical.app/SystemExtensions --scan-folder /Users/runner/work/AndroidRadio/AndroidRadio/ios-app/build/Build/Products/Release-iphoneos/RadioSindical.app/Extensions --platform iphoneos --toolchain /Applications/Xcode_16.4.app/Contents/Developer/Toolchains/XcodeDefault.xctoolchain --destination /Users/runner/work/AndroidRadio/AndroidRadio/ios-app/build/Build/Products/Release-iphoneos/RadioSindical.app/Frameworks --strip-bitcode --strip-bitcode-tool /Applications/Xcode_16.4.app/Contents/Developer/Toolchains/XcodeDefault.xctoolchain/usr/bin/bitcode_strip --emit-dependency-info /Users/runner/work/AndroidRadio/AndroidRadio/ios-app/build/Build/Intermediates.noindex/RadioSindical.build/Release-iphoneos/RadioSindical.build/SwiftStdLibToolInputDependencies.dep --filter-for-swift-os
Ignoring --strip-bitcode because --sign was not passed

GenerateDSYMFile /Users/runner/work/AndroidRadio/AndroidRadio/ios-app/build/Build/Products/Release-iphoneos/RadioSindical.app.dSYM /Users/runner/work/AndroidRadio/AndroidRadio/ios-app/build/Build/Products/Release-iphoneos/RadioSindical.app/RadioSindical (in target 'RadioSindical' from project 'RadioSindical')
    cd /Users/runner/work/AndroidRadio/AndroidRadio/ios-app
    /Applications/Xcode_16.4.app/Contents/Developer/Toolchains/XcodeDefault.xctoolchain/usr/bin/dsymutil /Users/runner/work/AndroidRadio/AndroidRadio/ios-app/build/Build/Products/Release-iphoneos/RadioSindical.app/RadioSindical -o /Users/runner/work/AndroidRadio/AndroidRadio/ios-app/build/Build/Products/Release-iphoneos/RadioSindical.app.dSYM

AppIntentsSSUTraining (in target 'RadioSindical' from project 'RadioSindical')
    cd /Users/runner/work/AndroidRadio/AndroidRadio/ios-app
    /Applications/Xcode_16.4.app/Contents/Developer/Toolchains/XcodeDefault.xctoolchain/usr/bin/appintentsnltrainingprocessor --infoplist-path /Users/runner/work/AndroidRadio/AndroidRadio/ios-app/build/Build/Products/Release-iphoneos/RadioSindical.app/Info.plist --temp-dir-path /Users/runner/work/AndroidRadio/AndroidRadio/ios-app/build/Build/Intermediates.noindex/RadioSindical.build/Release-iphoneos/RadioSindical.build/ssu --bundle-id mx.sntss1puebla.radiosindical --product-path /Users/runner/work/AndroidRadio/AndroidRadio/ios-app/build/Build/Products/Release-iphoneos/RadioSindical.app --extracted-metadata-path /Users/runner/work/AndroidRadio/AndroidRadio/ios-app/build/Build/Products/Release-iphoneos/RadioSindical.app/Metadata.appintents --metadata-file-list /Users/runner/work/AndroidRadio/AndroidRadio/ios-app/build/Build/Intermediates.noindex/RadioSindical.build/Release-iphoneos/RadioSindical.build/RadioSindical.DependencyMetadataFileList --archive-ssu-assets
2026-09-25 04:05:36.282 appintentsnltrainingprocessor[2995:12548] Parsing options for appintentsnltrainingprocessor
2026-09-25 04:05:36.284 appintentsnltrainingprocessor[2995:12548] No AppShortcuts found - Skipping.

RegisterExecutionPolicyException /Users/runner/work/AndroidRadio/AndroidRadio/ios-app/build/Build/Products/Release-iphoneos/RadioSindical.app (in target 'RadioSindical' from project 'RadioSindical')
    cd /Users/runner/work/AndroidRadio/AndroidRadio/ios-app
    builtin-RegisterExecutionPolicyException /Users/runner/work/AndroidRadio/AndroidRadio/ios-app/build/Build/Products/Release-iphoneos/RadioSindical.app

Validate /Users/runner/work/AndroidRadio/AndroidRadio/ios-app/build/Build/Products/Release-iphoneos/RadioSindical.app (in target 'RadioSindical' from project 'RadioSindical')
    cd /Users/runner/work/AndroidRadio/AndroidRadio/ios-app
    builtin-validationUtility /Users/runner/work/AndroidRadio/AndroidRadio/ios-app/build/Build/Products/Release-iphoneos/RadioSindical.app -infoplist-subpath Info.plist

Touch /Users/runner/work/AndroidRadio/AndroidRadio/ios-app/build/Build/Products/Release-iphoneos/RadioSindical.app (in target 'RadioSindical' from project 'RadioSindical')
    cd /Users/runner/work/AndroidRadio/AndroidRadio/ios-app
    /usr/bin/touch -c /Users/runner/work/AndroidRadio/AndroidRadio/ios-app/build/Build/Products/Release-iphoneos/RadioSindical.app

note: Disabling previews because SWIFT_VERSION is set and SWIFT_OPTIMIZATION_LEVEL=-O, expected -Onone (in target 'RadioSindical' from project 'RadioSindical')
** BUILD SUCCEEDED **

